
Attaching package: ‘CVXR’

The following object is masked from ‘package:stats’:

    power

                id rmse_ratio mae_ratio rmse_ratio_minvar mae_ratio_minvar
21         EXJPUSx  0.9994087 0.9996889         1.0048123        1.0050015
22         EXSZUSx  1.0029792 1.0035275         1.0030828        1.0066149
23         EXUSUKx  1.0037081 1.0078012         1.0042800        1.0074016
20         EXCAUSx  1.0058547 1.0100338         1.0072147        1.0065278
19 DSERRG3M086SBEA  0.9743588 0.9757022         1.0024326        1.0093431
16     CUSR0000SAS  0.9779853 0.9821001         1.0136646        1.0274079
29           PCEPI  0.9815452 0.9806387         1.0076374        1.0107089
17 DDURRG3M086SBEA  0.9821861 0.9850448         1.0150405        1.0228344
9         CPIMEDSL  0.9852007 0.9837923         0.9973395        1.0123052
13   CUSR0000SA0L5  0.9855838 0.9856210         1.0084846        1.0161508
14     CUSR0000SAC  0.9884304 0.9830905         1.0036648        1.0043935
15     CUSR0000SAD  0.9888154 0.9830942         1.0107370        1.0211549
40         WPSID61  0.9903452 0.9836099         1.0060200        1.0108161
8         CPIAUCSL  0.9904699 0.9873792         1.0125221        1.0162312
10        CPITRNSL  0.9920719 0.9882905         1.0026135        1.0032588
12   CUSR0000SA0L2  0.9920984 0.9826470         1.0101363        1.0051743
11        CPIULFSL  0.9924067 0.9883903         1.0107483        1.0123141
41         WPSID62  0.9924799 0.9876438         0.9949644        0.9978368
30          PPICMM  0.9960500 1.0035468         1.0198755        1.0160026
7         CPIAPPSL  0.9973459 0.9974814         1.0074216        1.0099108
18 DNDGRG3M086SBEA  0.9978777 0.9956160         1.0078704        1.0112975
38      WPSFD49207  0.9982789 0.9963167         1.0069570        1.0078167
39      WPSFD49502  1.0012763 0.9954185         1.0092376        1.0086029
28       OILPRICEx  1.0043897 1.0114009         1.0068126        1.0138338
24        FEDFUNDS  0.9756221 0.9898735         1.0193771        1.0250276
36           TB6MS  0.9769191 0.9610688         1.0196701        1.0300020
34           TB3MS  0.9841142 0.9594600         1.0197285        1.0268728
6            CP3Mx  0.9933918 0.9925172         1.0163089        1.0263452
25             GS1  0.9935201 0.9743471         1.0203787        1.0267859
3              BAA  0.9974256 0.9949233         1.0007597        0.9977762
26            GS10  1.0071403 1.0112829         1.0071324        1.0015417
1              AAA  1.0081837 1.0152935         1.0091379        1.0120307
27             GS5  1.0093921 1.0072717         1.0119219        1.0084884
2           AAAFFM  0.9236672 0.9168386         1.0114013        1.0101555
35        TB3SMFFM  0.9339446 0.9017414         1.0030907        1.0160492
31         T10YFFM  0.9348892 0.9249536         1.0022576        1.0002375
4           BAAFFM  0.9364869 0.9290328         1.0017038        0.9948891
5        COMPAPFFx  0.9441935 0.9483008         0.9880528        1.0037484
32          T1YFFM  0.9449838 0.9265187         1.0024968        1.0052534
33          T5YFFM  0.9455441 0.9444230         0.9900103        0.9908201
37        TB6SMFFM  0.9485165 0.9422177         1.0054901        1.0098434
   n_obs  group tcode
21   432     FX     5
22   432     FX     5
23   432     FX     5
20   432     FX     5
19   432 Prices     6
16   432 Prices     6
29   432 Prices     6
17   432 Prices     6
9    432 Prices     6
13   432 Prices     6
14   432 Prices     6
15   432 Prices     6
40   432 Prices     6
8    432 Prices     6
10   432 Prices     6
12   432 Prices     6
11   432 Prices     6
41   432 Prices     6
30   432 Prices     6
7    432 Prices     6
18   432 Prices     6
38   432 Prices     6
39   432 Prices     6
28   432 Prices     6
24   432   Rate     2
36   432   Rate     2
34   432   Rate     2
6    432   Rate     2
25   432   Rate     2
3    432   Rate     2
26   432   Rate     2
1    432   Rate     2
27   432   Rate     2
2    432 Spread     1
35   432 Spread     1
31   432 Spread     1
4    432 Spread     1
5    432 Spread     1
32   432 Spread     1
33   432 Spread     1
37   432 Spread     1

real	117m26.485s
user	3482m15.980s
sys	16m54.059s
